
-------------------------------------------------------------------------
|    ___ _   _ ___                                                      |
|   / __| | | |_  )   Release 8.0.1 "Harrier"                           |
|   \__ \ |_| |/ /                                                      |
|   |___/\___//___|   Suite (Computational Fluid Dynamics Code)         |
|                                                                       |
-------------------------------------------------------------------------
| SU2 Project Website: https://su2code.github.io                        |
|                                                                       |
| The SU2 Project is maintained by the SU2 Foundation                   |
| (http://su2foundation.org)                                            |
-------------------------------------------------------------------------
| Copyright 2012-2024, SU2 Contributors                                 |
|                                                                       |
| SU2 is free software; you can redistribute it and/or                  |
| modify it under the terms of the GNU Lesser General Public            |
| License as published by the Free Software Foundation; either          |
| version 2.1 of the License, or (at your option) any later version.    |
|                                                                       |
| SU2 is distributed in the hope that it will be useful,                |
| but WITHOUT ANY WARRANTY; without even the implied warranty of        |
| MERCHANTABILITY or FITNESS FOR A PARTICULAR PURPOSE. See the GNU      |
| Lesser General Public License for more details.                       |
|                                                                       |
| You should have received a copy of the GNU Lesser General Public      |
| License along with SU2. If not, see <http://www.gnu.org/licenses/>.   |
-------------------------------------------------------------------------

Parsing config file for zone 0

----------------- Physical Case Definition ( Zone 0 ) -------------------
Compressible RANS equations.
Turbulence model: Spalart-Allmaras-noft2-BCM
Hybrid RANS/LES: No Hybrid RANS/LES
Mach number: 0.6.
Angle of attack (AoA): -19 deg, and angle of sideslip (AoS): 0 deg.
Reynolds number: 600000. Reference length 1.00207.
No restart solution, use the values at infinity (freestream).
Dimensional simulation.
The reference area will be computed using y(2D) or z(3D) projection.
The semi-span will be computed using the max y(3D) value.
The reference length is 1.00207 m.
Reference origin for moment evaluation is (0, 0, 0).
Surface(s) where the force coefficients are evaluated: blade1.

Surface(s) plotted in the output file: blade1.
Surface(s) to be analyzed in detail: inlet, outlet, blade1.
Input mesh file name: cascade2D_databladeVALIDATION_Blade_12.su2

--------------- Space Numerical Integration ( Zone 0 ) ------------------
Jameson-Schmidt-Turkel scheme (2nd order in space) for the flow inviscid terms.
JST viscous coefficients (2nd & 4th): 0.5, 0.02.
The method includes a grid stretching correction (p = 0.3).
Scalar upwind solver for the turbulence model.
First order integration in space.
Average of gradients with correction (viscous flow terms).
Average of gradients with correction (viscous turbulence terms).
Gradient for upwind reconstruction: inverse-distance weighted Least-Squares.
Gradient for viscous and source terms: inverse-distance weighted Least-Squares.

--------------- Time Numerical Integration  ( Zone 0 ) ------------------
Local time stepping (steady state simulation).
Euler implicit method for the flow equations.
FGMRES is used for solving the linear system.
Using a LU-SGS preconditioning.
Convergence criteria of the linear solver: 0.0001.
Max number of linear iterations: 10.
V Multigrid Cycle, with 3 multigrid levels.
Damping factor for the residual restriction: 0.75.
Damping factor for the correction prolongation: 0.75.
CFL adaptation. Factor down: 0.1, factor up: 1.2,
                lower limit: 0.1, upper limit: 100,
                acceptable linear residual: 0.001.
+-------------------------------------------+
|  MG Level| Presmooth|PostSmooth|CorrectSmo|
+-------------------------------------------+
|         0|         1|         0|         1|
|         1|         2|         2|         2|
|         2|         3|         3|         3|
|         3|         3|         0|         0|
+-------------------------------------------+
Courant-Friedrichs-Lewy number:       12
Euler implicit time integration for the turbulence model.

------------------ Convergence Criteria  ( Zone 0 ) ---------------------
Maximum number of solver subiterations: 7000.
Begin convergence monitoring at iteration 500.
Residual minimum value: 1e-7.
Cauchy series min. value: 1e-10.
Number of Cauchy elements: 100.
Begin windowed time average at iteration 0.

-------------------- Output Information ( Zone 0 ) ----------------------
File writing frequency: 
+------------------------------------+
|                     File| Frequency|
+------------------------------------+
|                  RESTART|        50|
|                 PARAVIEW|        50|
|         SURFACE_PARAVIEW|        50|
|                      CSV|        50|
|              SURFACE_CSV|        50|
+------------------------------------+
Writing the convergence history file every 1 inner iterations.
Writing the screen convergence history every 10 inner iterations.
The tabular file format is CSV (.csv).
Convergence history file name: history_databladeVALIDATION_Blade_12.
Forces breakdown file name: forces_breakdown.dat.
Surface file name: surface_flowdatabladeVALIDATION_Blade_12.
Volume file name: volume_flow_databladeVALIDATION_Blade_12.
Restart file name: restart_flow_databladeVALIDATION_Blade_12.dat.

------------- Config File Boundary Information ( Zone 0 ) ---------------
+-----------------------------------------------------------------------+
|                        Marker Type|                        Marker Name|
+-----------------------------------------------------------------------+
|                  Periodic boundary|               symmetricWallsBOTTOM|
|                                   |                  symmetricWallsTOP|
+-----------------------------------------------------------------------+
|                     Inlet boundary|                              inlet|
+-----------------------------------------------------------------------+
|                    Outlet boundary|                             outlet|
+-----------------------------------------------------------------------+
|                     Heat flux wall|                             blade1|
|                                   |                             blade2|
+-----------------------------------------------------------------------+

-------------------- Output Preprocessing ( Zone 0 ) --------------------
  Info: Ignoring the following screen output fields:
  LINSOL_ITER_TRANS, LINSOL_RESIDUAL_TRANS
Screen output fields: INNER_ITER, CUR_TIME, RMS_DENSITY
  Info: Ignoring the following history output groups:
  RMS_TKE, RMS_DISSIPATION
History output group(s): INNER_ITER, WALL_TIME, RMS_DENSITY, RMS_MOMENTUM-X, RMS_ENERGY, LINSOL, CFL_NUMBER, FLOW_COEFF_SURF, AERO_COEFF_SURF
Convergence field(s): RMS_DENSITY
Warning: No (valid) fields chosen for time convergence monitoring. Time convergence monitoring inactive.
Volume output fields: COORDINATES, SOLUTION, PRIMITIVE, RESIDUAL, TIMESTEP, MESH_QUALITY, VORTEX_IDENTIFICATION

------------------- Geometry Preprocessing ( Zone 0 ) -------------------
Two dimensional problem.
35780 grid points before partitioning.
54804 volume elements before partitioning.
5 surface markers.
23 boundary elements in index 0 (Marker = inlet).
240 boundary elements in index 1 (Marker = symmetricWallsBOTTOM).
240 boundary elements in index 2 (Marker = symmetricWallsTOP).
23 boundary elements in index 3 (Marker = outlet).
648 boundary elements in index 4 (Marker = blade1).
Executing the partitioning functions.
Building the graph adjacency structure.
Calling ParMETIS... graph partitioning complete (1363 edge cuts).
Distributing ParMETIS coloring.
Rebalancing vertices.
Rebalancing volume element connectivity.
Rebalancing markers and surface elements.
37497 vertices including ghost points. 
56155 interior elements including halo cells. 
40233 triangles.
15922 quadrilaterals.
Establishing MPI communication patterns.
Setting point connectivity.
Renumbering points (Reverse Cuthill McKee Ordering).
Recomputing point connectivity.
Setting element connectivity.
Checking the numerical grid orientation.
All volume elements are correctly orientend.
There has been a re-orientation of 600 LINE surface elements.
Identifying edges and vertices.
Setting the control volume structure.
Area of the computational grid: 3.11018.
Searching for the closest normal neighbors to the surfaces.
Storing a mapping from global to local point index.
Compute the surface curvature.
Max K: 125.202. Mean K: 4.48017. Standard deviation K: 16.4474.
Checking for periodicity.
WARNING: Periodicity has been detected. Disabling multigrid. 
Computing mesh quality statistics for the dual control volumes.
+--------------------------------------------------------------+
|           Mesh Quality Metric|        Minimum|        Maximum|
+--------------------------------------------------------------+
|    Orthogonality Angle (deg.)|        65.3969|        89.9999|
|     CV Face Area Aspect Ratio|         1.0003|        638.387|
|           CV Sub-Volume Ratio|              1|        12.9159|
+--------------------------------------------------------------+
Finding max control volume width.
Communicating number of neighbors.
Reference length = 1.01175 m.
Wetted area = 2.45645 m.
Area projection in the x-plane = 0.57166 m, y-plane = 1.01175 m.
Max. coordinate in the x-direction = 1.01068 m, y-direction = 0.420238 m.
Min. coordinate in the x-direction = -0.00109264 m, y-direction = -0.149746 m.
Matching the periodic boundary points for marker pair 1.
 Matched 482 points with a max distance of: 5.94134e-14.
Computing wall distances.

-------------------- Solver Preprocessing ( Zone 0 ) --------------------
Viscous flow: Computing pressure using the ideal gas law
based on the free-stream temperature and a density computed
from the Reynolds number.
Force coefficients computed using free-stream values.

-- Models:
+------------------------------------------------------------------------------+
|          Viscosity Model|        Conductivity Model|              Fluid Model|
+------------------------------------------------------------------------------+
|               SUTHERLAND|          CONSTANT_PRANDTL|                IDEAL_GAS|
+------------------------------------------------------------------------------+
-- Fluid properties:
+------------------------------------------------------------------------------+
|                  Name|    Dim. value|    Ref. value|      Unit|Non-dim. value|
+------------------------------------------------------------------------------+
|        Ref. Viscosity|     1.716e-05|             1|   N.s/m^2|     1.716e-05|
|      Sutherland Temp.|        273.15|             1|         K|        273.15|
|     Sutherland Const.|         110.4|             1|         K|         110.4|
+------------------------------------------------------------------------------+
|        Prandtl (Lam.)|             -|             -|         -|          0.72|
|       Prandtl (Turb.)|             -|             -|         -|           0.9|
+------------------------------------------------------------------------------+
|          Gas Constant|       287.058|             1|  N.m/kg.K|       287.058|
|      Spec. Heat Ratio|             -|             -|         -|           1.4|
+------------------------------------------------------------------------------+
-- Initial and free-stream conditions:
+------------------------------------------------------------------------------+
|                  Name|    Dim. value|    Ref. value|      Unit|Non-dim. value|
+------------------------------------------------------------------------------+
|       Static Pressure|       4568.72|             1|        Pa|       4568.72|
|               Density|     0.0530522|             1|    kg/m^3|     0.0530522|
|           Temperature|           300|             1|         K|           300|
|          Total Energy|        236995|             1|   m^2/s^2|        236995|
|            Velocity-X|       196.984|             1|       m/s|       196.984|
|            Velocity-Y|       -67.827|             1|       m/s|       -67.827|
|    Velocity Magnitude|       208.334|             1|       m/s|       208.334|
+------------------------------------------------------------------------------+
|             Viscosity|   1.84592e-05|             1|   N.s/m^2|   1.84592e-05|
|          Conductivity|             -|             1|   W/m^2.K|             -|
|     Turb. Kin. Energy|       40.6905|             1|   m^2/s^2|       40.6905|
|     Spec. Dissipation|   1.16946e+06|             1|       1/s|   1.16946e+06|
+------------------------------------------------------------------------------+
|           Mach Number|             -|             -|         -|           0.6|
|       Reynolds Number|             -|             -|         -|        600000|
+------------------------------------------------------------------------------+
Initialize Jacobian structure (Navier-Stokes). MG level: 0.
Initialize Jacobian structure (SA model).

------------------- Numerics Preprocessing ( Zone 0 ) -------------------

----------------- Integration Preprocessing ( Zone 0 ) ------------------

------------------- Iteration Preprocessing ( Zone 0 ) ------------------
Euler/Navier-Stokes/RANS fluid iteration.

------------------------------ Begin Solver -----------------------------

Simulation Run using the Single-zone Driver
WARNING: SU2 was not compiled for an AVX-capable architecture. Performance could be better,
         see https://su2code.github.io/docs_v7/Build-SU2-Linux-MacOS/#compiler-optimizations
+--------------------------------------+
|  Inner_Iter|    Cur_Time|    rms[Rho]|
+--------------------------------------+
|           0|  0.0000e+00|   -2.391239|
|          10|  0.0000e+00|   -3.038738|
|          20|  0.0000e+00|   -2.887147|
|          30|  0.0000e+00|   -2.927216|
|          40|  0.0000e+00|   -2.852349|
|          50|  0.0000e+00|   -3.027879|
+-----------------------------------------------------------------------+
|        File Writing Summary       |              Filename             |
+-----------------------------------------------------------------------+
|SU2 binary restart                 |restart_flow_databladeVALIDATION_Blade_12.dat|
|                                   |                     (6651.12 MB/s)|
|Paraview                           |volume_flow_databladeVALIDATION_Blade_12.vtu|
|                                   |                     (519.868 MB/s)|
|Paraview surface                   |surface_flowdatabladeVALIDATION_Blade_12.vtu|
|                                   |                     (48.3801 MB/s)|
|SU2 ASCII restart                  |restart_flow_databladeVALIDATION_Blade_12.csv|
|                                   |                     (13.8743 MB/s)|
|CSV file                           |surface_flowdatabladeVALIDATION_Blade_12.csv|
|                                   |                     (11.2816 MB/s)|
+-----------------------------------------------------------------------+
+--------------------------------------+
|  Inner_Iter|    Cur_Time|    rms[Rho]|
+--------------------------------------+
|          60|  0.0000e+00|   -3.051421|
|          70|  0.0000e+00|   -3.082536|
|          80|  0.0000e+00|   -3.095479|
|          90|  0.0000e+00|   -3.015296|
|         100|  0.0000e+00|   -2.966897|
+-----------------------------------------------------------------------+
|        File Writing Summary       |              Filename             |
+-----------------------------------------------------------------------+
|SU2 binary restart                 |restart_flow_databladeVALIDATION_Blade_12.dat|
|                                   |                     (5000.65 MB/s)|
|Paraview                           |volume_flow_databladeVALIDATION_Blade_12.vtu|
|                                   |                     (532.574 MB/s)|
|Paraview surface                   |surface_flowdatabladeVALIDATION_Blade_12.vtu|
|                                   |                     (34.7573 MB/s)|
|SU2 ASCII restart                  |restart_flow_databladeVALIDATION_Blade_12.csv|
|                                   |                      (15.512 MB/s)|
|CSV file                           |surface_flowdatabladeVALIDATION_Blade_12.csv|
|                                   |                      (13.795 MB/s)|
+-----------------------------------------------------------------------+
+--------------------------------------+
|  Inner_Iter|    Cur_Time|    rms[Rho]|
+--------------------------------------+
|         110|  0.0000e+00|   -2.998419|
|         120|  0.0000e+00|   -3.053482|
|         130|  0.0000e+00|   -3.063490|
|         140|  0.0000e+00|   -3.004237|
|         150|  0.0000e+00|   -3.073513|
+-----------------------------------------------------------------------+
|        File Writing Summary       |              Filename             |
+-----------------------------------------------------------------------+
|SU2 binary restart                 |restart_flow_databladeVALIDATION_Blade_12.dat|
|                                   |                     (5237.09 MB/s)|
|Paraview                           |volume_flow_databladeVALIDATION_Blade_12.vtu|
|                                   |                     (563.161 MB/s)|
|Paraview surface                   |surface_flowdatabladeVALIDATION_Blade_12.vtu|
|                                   |                      (47.095 MB/s)|
|SU2 ASCII restart                  |restart_flow_databladeVALIDATION_Blade_12.csv|
|                                   |                     (14.8775 MB/s)|
|CSV file                           |surface_flowdatabladeVALIDATION_Blade_12.csv|
|                                   |                     (15.3873 MB/s)|
+-----------------------------------------------------------------------+
+--------------------------------------+
|  Inner_Iter|    Cur_Time|    rms[Rho]|
+--------------------------------------+
|         160|  0.0000e+00|   -3.082853|
|         170|  0.0000e+00|   -3.004871|
|         180|  0.0000e+00|   -2.962294|
|         190|  0.0000e+00|   -3.024843|
|         200|  0.0000e+00|   -3.053735|
+-----------------------------------------------------------------------+
|        File Writing Summary       |              Filename             |
+-----------------------------------------------------------------------+
|SU2 binary restart                 |restart_flow_databladeVALIDATION_Blade_12.dat|
|                                   |                     (6552.98 MB/s)|
|Paraview                           |volume_flow_databladeVALIDATION_Blade_12.vtu|
|                                   |                     (563.328 MB/s)|
|Paraview surface                   |surface_flowdatabladeVALIDATION_Blade_12.vtu|
|                                   |                      (44.884 MB/s)|
|SU2 ASCII restart                  |restart_flow_databladeVALIDATION_Blade_12.csv|
|                                   |                     (14.6355 MB/s)|
|CSV file                           |surface_flowdatabladeVALIDATION_Blade_12.csv|
|                                   |                     (3.20472 MB/s)|
+-----------------------------------------------------------------------+
+--------------------------------------+
|  Inner_Iter|    Cur_Time|    rms[Rho]|
+--------------------------------------+
|         210|  0.0000e+00|   -2.963785|
|         220|  0.0000e+00|   -3.144445|
|         230|  0.0000e+00|   -3.207473|
|         240|  0.0000e+00|   -3.177575|
|         250|  0.0000e+00|   -3.216264|
+-----------------------------------------------------------------------+
|        File Writing Summary       |              Filename             |
+-----------------------------------------------------------------------+
|SU2 binary restart                 |restart_flow_databladeVALIDATION_Blade_12.dat|
|                                   |                     (6439.23 MB/s)|
|Paraview                           |volume_flow_databladeVALIDATION_Blade_12.vtu|
|                                   |                     (592.503 MB/s)|
|Paraview surface                   |surface_flowdatabladeVALIDATION_Blade_12.vtu|
|                                   |                     (53.9691 MB/s)|
|SU2 ASCII restart                  |restart_flow_databladeVALIDATION_Blade_12.csv|
|                                   |                     (14.1689 MB/s)|
|CSV file                           |surface_flowdatabladeVALIDATION_Blade_12.csv|
|                                   |                     (10.6487 MB/s)|
+-----------------------------------------------------------------------+
+--------------------------------------+
|  Inner_Iter|    Cur_Time|    rms[Rho]|
+--------------------------------------+
|         260|  0.0000e+00|   -3.307326|
|         270|  0.0000e+00|   -3.358984|
|         280|  0.0000e+00|   -3.332497|
|         290|  0.0000e+00|   -3.486384|
|         300|  0.0000e+00|   -3.419121|
+-----------------------------------------------------------------------+
|        File Writing Summary       |              Filename             |
+-----------------------------------------------------------------------+
|SU2 binary restart                 |restart_flow_databladeVALIDATION_Blade_12.dat|
|                                   |                     (3391.98 MB/s)|
|Paraview                           |volume_flow_databladeVALIDATION_Blade_12.vtu|
|                                   |                     (561.584 MB/s)|
|Paraview surface                   |surface_flowdatabladeVALIDATION_Blade_12.vtu|
|                                   |                     (43.4544 MB/s)|
|SU2 ASCII restart                  |restart_flow_databladeVALIDATION_Blade_12.csv|
|                                   |                     (13.8977 MB/s)|
|CSV file                           |surface_flowdatabladeVALIDATION_Blade_12.csv|
|                                   |                     (11.5902 MB/s)|
+-----------------------------------------------------------------------+
+--------------------------------------+
|  Inner_Iter|    Cur_Time|    rms[Rho]|
+--------------------------------------+
|         310|  0.0000e+00|   -3.432530|
|         320|  0.0000e+00|   -3.498285|
|         330|  0.0000e+00|   -3.540751|
|         340|  0.0000e+00|   -3.551121|
|         350|  0.0000e+00|   -3.575829|
+-----------------------------------------------------------------------+
|        File Writing Summary       |              Filename             |
+-----------------------------------------------------------------------+
|SU2 binary restart                 |restart_flow_databladeVALIDATION_Blade_12.dat|
|                                   |                     (3845.37 MB/s)|
|Paraview                           |volume_flow_databladeVALIDATION_Blade_12.vtu|
|                                   |                     (557.587 MB/s)|
|Paraview surface                   |surface_flowdatabladeVALIDATION_Blade_12.vtu|
|                                   |                     (53.0599 MB/s)|
|SU2 ASCII restart                  |restart_flow_databladeVALIDATION_Blade_12.csv|
|                                   |                     (13.6252 MB/s)|
|CSV file                           |surface_flowdatabladeVALIDATION_Blade_12.csv|
|                                   |                     (10.5884 MB/s)|
+-----------------------------------------------------------------------+
+--------------------------------------+
|  Inner_Iter|    Cur_Time|    rms[Rho]|
+--------------------------------------+
|         360|  0.0000e+00|   -3.589282|
|         370|  0.0000e+00|   -3.657077|
|         380|  0.0000e+00|   -3.689661|
|         390|  0.0000e+00|   -3.711901|
|         400|  0.0000e+00|   -3.703316|
+-----------------------------------------------------------------------+
|        File Writing Summary       |              Filename             |
+-----------------------------------------------------------------------+
|SU2 binary restart                 |restart_flow_databladeVALIDATION_Blade_12.dat|
|                                   |                     (5334.55 MB/s)|
|Paraview                           |volume_flow_databladeVALIDATION_Blade_12.vtu|
|                                   |                      (482.07 MB/s)|
|Paraview surface                   |surface_flowdatabladeVALIDATION_Blade_12.vtu|
|                                   |                     (43.1854 MB/s)|
|SU2 ASCII restart                  |restart_flow_databladeVALIDATION_Blade_12.csv|
|                                   |                     (13.8609 MB/s)|
|CSV file                           |surface_flowdatabladeVALIDATION_Blade_12.csv|
|                                   |                      (10.044 MB/s)|
+-----------------------------------------------------------------------+
+--------------------------------------+
|  Inner_Iter|    Cur_Time|    rms[Rho]|
+--------------------------------------+
|         410|  0.0000e+00|   -3.743843|
|         420|  0.0000e+00|   -3.786021|
|         430|  0.0000e+00|   -3.805603|
|         440|  0.0000e+00|   -3.806719|
|         450|  0.0000e+00|   -3.860556|
+-----------------------------------------------------------------------+
|        File Writing Summary       |              Filename             |
+-----------------------------------------------------------------------+
|SU2 binary restart                 |restart_flow_databladeVALIDATION_Blade_12.dat|
|                                   |                     (4245.04 MB/s)|
|Paraview                           |volume_flow_databladeVALIDATION_Blade_12.vtu|
|                                   |                     (262.341 MB/s)|
|Paraview surface                   |surface_flowdatabladeVALIDATION_Blade_12.vtu|
|                                   |                     (22.3994 MB/s)|
|SU2 ASCII restart                  |restart_flow_databladeVALIDATION_Blade_12.csv|
|                                   |                     (14.9335 MB/s)|
|CSV file                           |surface_flowdatabladeVALIDATION_Blade_12.csv|
|                                   |                     (11.1939 MB/s)|
+-----------------------------------------------------------------------+
+--------------------------------------+
|  Inner_Iter|    Cur_Time|    rms[Rho]|
+--------------------------------------+
|         460|  0.0000e+00|   -3.882312|
|         470|  0.0000e+00|   -3.861372|
|         480|  0.0000e+00|   -3.858130|
|         490|  0.0000e+00|   -3.845053|
|         500|  0.0000e+00|   -3.819688|
+-----------------------------------------------------------------------+
|        File Writing Summary       |              Filename             |
+-----------------------------------------------------------------------+
|SU2 binary restart                 |restart_flow_databladeVALIDATION_Blade_12.dat|
|                                   |                     (5350.24 MB/s)|
|Paraview                           |volume_flow_databladeVALIDATION_Blade_12.vtu|
|                                   |                     (547.373 MB/s)|
|Paraview surface                   |surface_flowdatabladeVALIDATION_Blade_12.vtu|
|                                   |                     (50.6685 MB/s)|
|SU2 ASCII restart                  |restart_flow_databladeVALIDATION_Blade_12.csv|
|                                   |                     (14.6064 MB/s)|
|CSV file                           |surface_flowdatabladeVALIDATION_Blade_12.csv|
|                                   |                     (13.3851 MB/s)|
+-----------------------------------------------------------------------+
+--------------------------------------+
|  Inner_Iter|    Cur_Time|    rms[Rho]|
+--------------------------------------+
|         510|  0.0000e+00|   -3.825209|
|         520|  0.0000e+00|   -3.847040|
|         530|  0.0000e+00|   -3.806197|
|         540|  0.0000e+00|   -3.757866|
|         550|  0.0000e+00|   -3.731288|
+-----------------------------------------------------------------------+
|        File Writing Summary       |              Filename             |
+-----------------------------------------------------------------------+
|SU2 binary restart                 |restart_flow_databladeVALIDATION_Blade_12.dat|
|                                   |                     (4044.82 MB/s)|
|Paraview                           |volume_flow_databladeVALIDATION_Blade_12.vtu|
|                                   |                     (530.246 MB/s)|
|Paraview surface                   |surface_flowdatabladeVALIDATION_Blade_12.vtu|
|                                   |                     (32.5387 MB/s)|
|SU2 ASCII restart                  |restart_flow_databladeVALIDATION_Blade_12.csv|
|                                   |                     (13.9822 MB/s)|
|CSV file                           |surface_flowdatabladeVALIDATION_Blade_12.csv|
|                                   |                     (14.1168 MB/s)|
+-----------------------------------------------------------------------+
+--------------------------------------+
|  Inner_Iter|    Cur_Time|    rms[Rho]|
+--------------------------------------+
|         560|  0.0000e+00|   -3.749573|
|         570|  0.0000e+00|   -3.774361|
|         580|  0.0000e+00|   -3.780030|
|         590|  0.0000e+00|   -3.788609|
|         600|  0.0000e+00|   -3.805048|
+-----------------------------------------------------------------------+
|        File Writing Summary       |              Filename             |
+-----------------------------------------------------------------------+
|SU2 binary restart                 |restart_flow_databladeVALIDATION_Blade_12.dat|
|                                   |                      (3597.9 MB/s)|
|Paraview                           |volume_flow_databladeVALIDATION_Blade_12.vtu|
|                                   |                     (454.064 MB/s)|
|Paraview surface                   |surface_flowdatabladeVALIDATION_Blade_12.vtu|
|                                   |                     (60.9521 MB/s)|
|SU2 ASCII restart                  |restart_flow_databladeVALIDATION_Blade_12.csv|
|                                   |                     (13.1583 MB/s)|
|CSV file                           |surface_flowdatabladeVALIDATION_Blade_12.csv|
|                                   |                     (14.7581 MB/s)|
+-----------------------------------------------------------------------+
+--------------------------------------+
|  Inner_Iter|    Cur_Time|    rms[Rho]|
+--------------------------------------+
|         610|  0.0000e+00|   -3.821141|
|         620|  0.0000e+00|   -3.797421|
|         630|  0.0000e+00|   -3.829558|
|         640|  0.0000e+00|   -3.867033|
|         650|  0.0000e+00|   -3.870962|
+-----------------------------------------------------------------------+
|        File Writing Summary       |              Filename             |
+-----------------------------------------------------------------------+
|SU2 binary restart                 |restart_flow_databladeVALIDATION_Blade_12.dat|
|                                   |                     (6337.42 MB/s)|
|Paraview                           |volume_flow_databladeVALIDATION_Blade_12.vtu|
|                                   |                     (557.755 MB/s)|
|Paraview surface                   |surface_flowdatabladeVALIDATION_Blade_12.vtu|
|                                   |                     (48.1093 MB/s)|
|SU2 ASCII restart                  |restart_flow_databladeVALIDATION_Blade_12.csv|
|                                   |                     (13.2875 MB/s)|
|CSV file                           |surface_flowdatabladeVALIDATION_Blade_12.csv|
|                                   |                     (12.2906 MB/s)|
+-----------------------------------------------------------------------+
+--------------------------------------+
|  Inner_Iter|    Cur_Time|    rms[Rho]|
+--------------------------------------+
|         660|  0.0000e+00|   -3.871713|
|         670|  0.0000e+00|   -3.895856|
|         680|  0.0000e+00|   -3.912840|
|         690|  0.0000e+00|   -3.889463|
|         700|  0.0000e+00|   -3.889341|
+-----------------------------------------------------------------------+
|        File Writing Summary       |              Filename             |
+-----------------------------------------------------------------------+
|SU2 binary restart                 |restart_flow_databladeVALIDATION_Blade_12.dat|
|                                   |                     (6345.49 MB/s)|
|Paraview                           |volume_flow_databladeVALIDATION_Blade_12.vtu|
|                                   |                     (551.901 MB/s)|
|Paraview surface                   |surface_flowdatabladeVALIDATION_Blade_12.vtu|
|                                   |                     (38.9472 MB/s)|
|SU2 ASCII restart                  |restart_flow_databladeVALIDATION_Blade_12.csv|
|                                   |                     (14.1839 MB/s)|
|CSV file                           |surface_flowdatabladeVALIDATION_Blade_12.csv|
|                                   |                     (11.6961 MB/s)|
+-----------------------------------------------------------------------+
+--------------------------------------+
|  Inner_Iter|    Cur_Time|    rms[Rho]|
+--------------------------------------+
|         710|  0.0000e+00|   -3.966751|
|         720|  0.0000e+00|   -3.871508|
|         730|  0.0000e+00|   -3.928842|
|         740|  0.0000e+00|   -4.072592|
|         750|  0.0000e+00|   -4.046301|
+-----------------------------------------------------------------------+
|        File Writing Summary       |              Filename             |
+-----------------------------------------------------------------------+
|SU2 binary restart                 |restart_flow_databladeVALIDATION_Blade_12.dat|
|                                   |                     (4206.34 MB/s)|
|Paraview                           |volume_flow_databladeVALIDATION_Blade_12.vtu|
|                                   |                     (520.913 MB/s)|
|Paraview surface                   |surface_flowdatabladeVALIDATION_Blade_12.vtu|
|                                   |                     (43.6439 MB/s)|
|SU2 ASCII restart                  |restart_flow_databladeVALIDATION_Blade_12.csv|
|                                   |                     (13.8414 MB/s)|
|CSV file                           |surface_flowdatabladeVALIDATION_Blade_12.csv|
|                                   |                     (14.6368 MB/s)|
+-----------------------------------------------------------------------+
+--------------------------------------+
|  Inner_Iter|    Cur_Time|    rms[Rho]|
+--------------------------------------+
|         760|  0.0000e+00|   -4.130741|
|         770|  0.0000e+00|   -4.203308|
|         780|  0.0000e+00|   -4.260293|
|         790|  0.0000e+00|   -4.292605|
|         800|  0.0000e+00|   -4.286738|
+-----------------------------------------------------------------------+
|        File Writing Summary       |              Filename             |
+-----------------------------------------------------------------------+
|SU2 binary restart                 |restart_flow_databladeVALIDATION_Blade_12.dat|
|                                   |                     (4084.12 MB/s)|
|Paraview                           |volume_flow_databladeVALIDATION_Blade_12.vtu|
|                                   |                     (345.071 MB/s)|
|Paraview surface                   |surface_flowdatabladeVALIDATION_Blade_12.vtu|
|                                   |                     (30.6177 MB/s)|
|SU2 ASCII restart                  |restart_flow_databladeVALIDATION_Blade_12.csv|
|                                   |                     (13.6343 MB/s)|
|CSV file                           |surface_flowdatabladeVALIDATION_Blade_12.csv|
|                                   |                     (9.33768 MB/s)|
+-----------------------------------------------------------------------+
+--------------------------------------+
|  Inner_Iter|    Cur_Time|    rms[Rho]|
+--------------------------------------+
|         810|  0.0000e+00|   -4.327439|
|         820|  0.0000e+00|   -4.345002|
|         830|  0.0000e+00|   -4.348900|
|         840|  0.0000e+00|   -4.338501|
|         850|  0.0000e+00|   -4.349336|
+-----------------------------------------------------------------------+
|        File Writing Summary       |              Filename             |
+-----------------------------------------------------------------------+
|SU2 binary restart                 |restart_flow_databladeVALIDATION_Blade_12.dat|
|                                   |                     (3595.57 MB/s)|
|Paraview                           |volume_flow_databladeVALIDATION_Blade_12.vtu|
|                                   |                     (437.086 MB/s)|
|Paraview surface                   |surface_flowdatabladeVALIDATION_Blade_12.vtu|
|                                   |                      (51.325 MB/s)|
|SU2 ASCII restart                  |restart_flow_databladeVALIDATION_Blade_12.csv|
|                                   |                     (12.8698 MB/s)|
|CSV file                           |surface_flowdatabladeVALIDATION_Blade_12.csv|
|                                   |                     (10.0167 MB/s)|
+-----------------------------------------------------------------------+
+--------------------------------------+
|  Inner_Iter|    Cur_Time|    rms[Rho]|
+--------------------------------------+
|         860|  0.0000e+00|   -4.353081|
|         870|  0.0000e+00|   -4.334232|
|         880|  0.0000e+00|   -4.351482|
|         890|  0.0000e+00|   -4.372210|
|         900|  0.0000e+00|   -4.372088|
+-----------------------------------------------------------------------+
|        File Writing Summary       |              Filename             |
+-----------------------------------------------------------------------+
|SU2 binary restart                 |restart_flow_databladeVALIDATION_Blade_12.dat|
|                                   |                     (2754.98 MB/s)|
|Paraview                           |volume_flow_databladeVALIDATION_Blade_12.vtu|
|                                   |                     (328.442 MB/s)|
|Paraview surface                   |surface_flowdatabladeVALIDATION_Blade_12.vtu|
|                                   |                     (43.6714 MB/s)|
|SU2 ASCII restart                  |restart_flow_databladeVALIDATION_Blade_12.csv|
|                                   |                     (13.7376 MB/s)|
|CSV file                           |surface_flowdatabladeVALIDATION_Blade_12.csv|
|                                   |                     (14.8492 MB/s)|
+-----------------------------------------------------------------------+
+--------------------------------------+
|  Inner_Iter|    Cur_Time|    rms[Rho]|
+--------------------------------------+
|         910|  0.0000e+00|   -4.410076|
|         920|  0.0000e+00|   -4.440647|
|         930|  0.0000e+00|   -4.453168|
|         940|  0.0000e+00|   -4.467333|
|         950|  0.0000e+00|   -4.517429|
+-----------------------------------------------------------------------+
|        File Writing Summary       |              Filename             |
+-----------------------------------------------------------------------+
|SU2 binary restart                 |restart_flow_databladeVALIDATION_Blade_12.dat|
|                                   |                      (3084.6 MB/s)|
|Paraview                           |volume_flow_databladeVALIDATION_Blade_12.vtu|
|                                   |                     (555.598 MB/s)|
|Paraview surface                   |surface_flowdatabladeVALIDATION_Blade_12.vtu|
|                                   |                     (38.0385 MB/s)|
|SU2 ASCII restart                  |restart_flow_databladeVALIDATION_Blade_12.csv|
|                                   |                     (13.5044 MB/s)|
|CSV file                           |surface_flowdatabladeVALIDATION_Blade_12.csv|
|                                   |                     (10.2217 MB/s)|
+-----------------------------------------------------------------------+
+--------------------------------------+
|  Inner_Iter|    Cur_Time|    rms[Rho]|
+--------------------------------------+
|         960|  0.0000e+00|   -4.567736|
|         970|  0.0000e+00|   -4.599917|
|         980|  0.0000e+00|   -4.631195|
|         990|  0.0000e+00|   -4.656933|
|        1000|  0.0000e+00|   -4.660904|
+-----------------------------------------------------------------------+
|        File Writing Summary       |              Filename             |
+-----------------------------------------------------------------------+
|SU2 binary restart                 |restart_flow_databladeVALIDATION_Blade_12.dat|
|                                   |                     (3287.99 MB/s)|
|Paraview                           |volume_flow_databladeVALIDATION_Blade_12.vtu|
|                                   |                     (479.618 MB/s)|
|Paraview surface                   |surface_flowdatabladeVALIDATION_Blade_12.vtu|
|                                   |                     (46.4025 MB/s)|
|SU2 ASCII restart                  |restart_flow_databladeVALIDATION_Blade_12.csv|
|                                   |                     (14.5185 MB/s)|
|CSV file                           |surface_flowdatabladeVALIDATION_Blade_12.csv|
|                                   |                     (11.8829 MB/s)|
+-----------------------------------------------------------------------+
+--------------------------------------+
|  Inner_Iter|    Cur_Time|    rms[Rho]|
+--------------------------------------+
|        1010|  0.0000e+00|   -4.649512|
|        1020|  0.0000e+00|   -4.657756|
|        1030|  0.0000e+00|   -4.668658|
|        1040|  0.0000e+00|   -4.641575|
|        1050|  0.0000e+00|   -4.660493|
+-----------------------------------------------------------------------+
|        File Writing Summary       |              Filename             |
+-----------------------------------------------------------------------+
|SU2 binary restart                 |restart_flow_databladeVALIDATION_Blade_12.dat|
|                                   |                     (4837.24 MB/s)|
|Paraview                           |volume_flow_databladeVALIDATION_Blade_12.vtu|
|                                   |                     (458.677 MB/s)|
|Paraview surface                   |surface_flowdatabladeVALIDATION_Blade_12.vtu|
|                                   |                     (50.0418 MB/s)|
|SU2 ASCII restart                  |restart_flow_databladeVALIDATION_Blade_12.csv|
|                                   |                     (12.2072 MB/s)|
|CSV file                           |surface_flowdatabladeVALIDATION_Blade_12.csv|
|                                   |                     (14.6792 MB/s)|
+-----------------------------------------------------------------------+
+--------------------------------------+
|  Inner_Iter|    Cur_Time|    rms[Rho]|
+--------------------------------------+
|        1060|  0.0000e+00|   -4.683783|
|        1070|  0.0000e+00|   -4.686313|
|        1080|  0.0000e+00|   -4.663008|
|        1090|  0.0000e+00|   -4.726726|
|        1100|  0.0000e+00|   -4.739990|
+-----------------------------------------------------------------------+
|        File Writing Summary       |              Filename             |
+-----------------------------------------------------------------------+
|SU2 binary restart                 |restart_flow_databladeVALIDATION_Blade_12.dat|
|                                   |                     (4436.37 MB/s)|
|Paraview                           |volume_flow_databladeVALIDATION_Blade_12.vtu|
|                                   |                     (537.563 MB/s)|
|Paraview surface                   |surface_flowdatabladeVALIDATION_Blade_12.vtu|
|                                   |                     (41.9955 MB/s)|
|SU2 ASCII restart                  |restart_flow_databladeVALIDATION_Blade_12.csv|
|                                   |                     (14.2523 MB/s)|
|CSV file                           |surface_flowdatabladeVALIDATION_Blade_12.csv|
|                                   |                      (10.424 MB/s)|
+-----------------------------------------------------------------------+
+--------------------------------------+
|  Inner_Iter|    Cur_Time|    rms[Rho]|
+--------------------------------------+
|        1110|  0.0000e+00|   -4.714213|
|        1120|  0.0000e+00|   -4.769719|
|        1130|  0.0000e+00|   -4.784611|
|        1140|  0.0000e+00|   -4.774776|
|        1150|  0.0000e+00|   -4.744174|
+-----------------------------------------------------------------------+
|        File Writing Summary       |              Filename             |
+-----------------------------------------------------------------------+
|SU2 binary restart                 |restart_flow_databladeVALIDATION_Blade_12.dat|
|                                   |                     (6443.62 MB/s)|
|Paraview                           |volume_flow_databladeVALIDATION_Blade_12.vtu|
|                                   |                     (505.927 MB/s)|
|Paraview surface                   |surface_flowdatabladeVALIDATION_Blade_12.vtu|
|                                   |                     (44.9996 MB/s)|
|SU2 ASCII restart                  |restart_flow_databladeVALIDATION_Blade_12.csv|
|                                   |                     (13.9125 MB/s)|
|CSV file                           |surface_flowdatabladeVALIDATION_Blade_12.csv|
|                                   |                     (11.1484 MB/s)|
+-----------------------------------------------------------------------+
+--------------------------------------+
|  Inner_Iter|    Cur_Time|    rms[Rho]|
+--------------------------------------+
|        1160|  0.0000e+00|   -4.786633|
|        1170|  0.0000e+00|   -4.792194|
|        1180|  0.0000e+00|   -4.762594|
|        1190|  0.0000e+00|   -4.783259|
|        1200|  0.0000e+00|   -4.821216|
+-----------------------------------------------------------------------+
|        File Writing Summary       |              Filename             |
+-----------------------------------------------------------------------+
|SU2 binary restart                 |restart_flow_databladeVALIDATION_Blade_12.dat|
|                                   |                     (2505.62 MB/s)|
|Paraview                           |volume_flow_databladeVALIDATION_Blade_12.vtu|
|                                   |                     (518.661 MB/s)|
|Paraview surface                   |surface_flowdatabladeVALIDATION_Blade_12.vtu|
|                                   |                     (19.9559 MB/s)|
|SU2 ASCII restart                  |restart_flow_databladeVALIDATION_Blade_12.csv|
|                                   |                     (13.5673 MB/s)|
|CSV file                           |surface_flowdatabladeVALIDATION_Blade_12.csv|
|                                   |                     (11.0745 MB/s)|
+-----------------------------------------------------------------------+
+--------------------------------------+
|  Inner_Iter|    Cur_Time|    rms[Rho]|
+--------------------------------------+
|        1210|  0.0000e+00|   -4.835688|
|        1220|  0.0000e+00|   -4.850883|
|        1230|  0.0000e+00|   -4.900349|
|        1240|  0.0000e+00|   -4.922595|
|        1250|  0.0000e+00|   -4.929136|
+-----------------------------------------------------------------------+
|        File Writing Summary       |              Filename             |
+-----------------------------------------------------------------------+
|SU2 binary restart                 |restart_flow_databladeVALIDATION_Blade_12.dat|
|                                   |                     (3955.02 MB/s)|
|Paraview                           |volume_flow_databladeVALIDATION_Blade_12.vtu|
|                                   |                     (545.976 MB/s)|
|Paraview surface                   |surface_flowdatabladeVALIDATION_Blade_12.vtu|
|                                   |                     (55.4991 MB/s)|
|SU2 ASCII restart                  |restart_flow_databladeVALIDATION_Blade_12.csv|
|                                   |                     (13.6477 MB/s)|
|CSV file                           |surface_flowdatabladeVALIDATION_Blade_12.csv|
|                                   |                     (13.4414 MB/s)|
+-----------------------------------------------------------------------+
+--------------------------------------+
|  Inner_Iter|    Cur_Time|    rms[Rho]|
+--------------------------------------+
|        1260|  0.0000e+00|   -4.985441|
|        1270|  0.0000e+00|   -5.014551|
|        1280|  0.0000e+00|   -5.004187|
|        1290|  0.0000e+00|   -5.059955|
|        1300|  0.0000e+00|   -5.142966|
+-----------------------------------------------------------------------+
|        File Writing Summary       |              Filename             |
+-----------------------------------------------------------------------+
|SU2 binary restart                 |restart_flow_databladeVALIDATION_Blade_12.dat|
|                                   |                     (2700.55 MB/s)|
|Paraview                           |volume_flow_databladeVALIDATION_Blade_12.vtu|
|                                   |                     (510.041 MB/s)|
|Paraview surface                   |surface_flowdatabladeVALIDATION_Blade_12.vtu|
|                                   |                     (51.8623 MB/s)|
|SU2 ASCII restart                  |restart_flow_databladeVALIDATION_Blade_12.csv|
|                                   |                     (13.1785 MB/s)|
|CSV file                           |surface_flowdatabladeVALIDATION_Blade_12.csv|
|                                   |                     (12.4815 MB/s)|
+-----------------------------------------------------------------------+
+--------------------------------------+
|  Inner_Iter|    Cur_Time|    rms[Rho]|
+--------------------------------------+
|        1310|  0.0000e+00|   -5.215156|
|        1320|  0.0000e+00|   -5.195760|
|        1330|  0.0000e+00|   -5.119402|
|        1340|  0.0000e+00|   -5.205044|
|        1350|  0.0000e+00|   -5.213942|
+-----------------------------------------------------------------------+
|        File Writing Summary       |              Filename             |
+-----------------------------------------------------------------------+
|SU2 binary restart                 |restart_flow_databladeVALIDATION_Blade_12.dat|
|                                   |                      (3784.6 MB/s)|
|Paraview                           |volume_flow_databladeVALIDATION_Blade_12.vtu|
|                                   |                     (506.857 MB/s)|
|Paraview surface                   |surface_flowdatabladeVALIDATION_Blade_12.vtu|
|                                   |                     (51.0066 MB/s)|
|SU2 ASCII restart                  |restart_flow_databladeVALIDATION_Blade_12.csv|
|                                   |                     (13.7657 MB/s)|
|CSV file                           |surface_flowdatabladeVALIDATION_Blade_12.csv|
|                                   |                     (13.2419 MB/s)|
+-----------------------------------------------------------------------+
+--------------------------------------+
|  Inner_Iter|    Cur_Time|    rms[Rho]|
+--------------------------------------+
|        1360|  0.0000e+00|   -5.186983|
|        1370|  0.0000e+00|   -5.208405|
|        1380|  0.0000e+00|   -5.242957|
|        1390|  0.0000e+00|   -5.231972|
|        1400|  0.0000e+00|   -5.184156|
+-----------------------------------------------------------------------+
|        File Writing Summary       |              Filename             |
+-----------------------------------------------------------------------+
|SU2 binary restart                 |restart_flow_databladeVALIDATION_Blade_12.dat|
|                                   |                      (4526.6 MB/s)|
|Paraview                           |volume_flow_databladeVALIDATION_Blade_12.vtu|
|                                   |                      (408.97 MB/s)|
|Paraview surface                   |surface_flowdatabladeVALIDATION_Blade_12.vtu|
|                                   |                     (2.52168 MB/s)|
|SU2 ASCII restart                  |restart_flow_databladeVALIDATION_Blade_12.csv|
|                                   |                     (14.8416 MB/s)|
|CSV file                           |surface_flowdatabladeVALIDATION_Blade_12.csv|
|                                   |                     (14.2671 MB/s)|
+-----------------------------------------------------------------------+
+--------------------------------------+
|  Inner_Iter|    Cur_Time|    rms[Rho]|
+--------------------------------------+
|        1410|  0.0000e+00|   -5.291028|
|        1420|  0.0000e+00|   -5.336334|
|        1430|  0.0000e+00|   -5.325727|
|        1440|  0.0000e+00|   -5.292414|
|        1450|  0.0000e+00|   -5.326469|
+-----------------------------------------------------------------------+
|        File Writing Summary       |              Filename             |
+-----------------------------------------------------------------------+
|SU2 binary restart                 |restart_flow_databladeVALIDATION_Blade_12.dat|
|                                   |                     (4137.71 MB/s)|
|Paraview                           |volume_flow_databladeVALIDATION_Blade_12.vtu|
|                                   |                     (447.119 MB/s)|
|Paraview surface                   |surface_flowdatabladeVALIDATION_Blade_12.vtu|
|                                   |                     (33.0097 MB/s)|
|SU2 ASCII restart                  |restart_flow_databladeVALIDATION_Blade_12.csv|
|                                   |                     (11.8947 MB/s)|
|CSV file                           |surface_flowdatabladeVALIDATION_Blade_12.csv|
|                                   |                     (11.3767 MB/s)|
+-----------------------------------------------------------------------+
+--------------------------------------+
|  Inner_Iter|    Cur_Time|    rms[Rho]|
+--------------------------------------+
|        1460|  0.0000e+00|   -5.239426|
|        1470|  0.0000e+00|   -5.253437|
|        1480|  0.0000e+00|   -5.365255|
|        1490|  0.0000e+00|   -5.394175|
|        1500|  0.0000e+00|   -5.390429|
+-----------------------------------------------------------------------+
|        File Writing Summary       |              Filename             |
+-----------------------------------------------------------------------+
|SU2 binary restart                 |restart_flow_databladeVALIDATION_Blade_12.dat|
|                                   |                     (3004.55 MB/s)|
|Paraview                           |volume_flow_databladeVALIDATION_Blade_12.vtu|
|                                   |                     (436.565 MB/s)|
|Paraview surface                   |surface_flowdatabladeVALIDATION_Blade_12.vtu|
|                                   |                     (29.1157 MB/s)|
|SU2 ASCII restart                  |restart_flow_databladeVALIDATION_Blade_12.csv|
|                                   |                     (13.4316 MB/s)|
|CSV file                           |surface_flowdatabladeVALIDATION_Blade_12.csv|
|                                   |                     (9.06903 MB/s)|
+-----------------------------------------------------------------------+
+--------------------------------------+
|  Inner_Iter|    Cur_Time|    rms[Rho]|
+--------------------------------------+
|        1510|  0.0000e+00|   -5.396637|
|        1520|  0.0000e+00|   -5.424121|
|        1530|  0.0000e+00|   -5.352808|
|        1540|  0.0000e+00|   -5.434804|
|        1550|  0.0000e+00|   -5.415960|
+-----------------------------------------------------------------------+
|        File Writing Summary       |              Filename             |
+-----------------------------------------------------------------------+
|SU2 binary restart                 |restart_flow_databladeVALIDATION_Blade_12.dat|
|                                   |                     (5421.69 MB/s)|
|Paraview                           |volume_flow_databladeVALIDATION_Blade_12.vtu|
|                                   |                     (574.523 MB/s)|
|Paraview surface                   |surface_flowdatabladeVALIDATION_Blade_12.vtu|
|                                   |                     (61.0916 MB/s)|
|SU2 ASCII restart                  |restart_flow_databladeVALIDATION_Blade_12.csv|
|                                   |                     (14.9173 MB/s)|
|CSV file                           |surface_flowdatabladeVALIDATION_Blade_12.csv|
|                                   |                     (12.4121 MB/s)|
+-----------------------------------------------------------------------+
+--------------------------------------+
|  Inner_Iter|    Cur_Time|    rms[Rho]|
+--------------------------------------+
|        1560|  0.0000e+00|   -5.495533|
|        1570|  0.0000e+00|   -5.497505|
|        1580|  0.0000e+00|   -5.468759|
|        1590|  0.0000e+00|   -5.540330|
|        1600|  0.0000e+00|   -5.617606|
+-----------------------------------------------------------------------+
|        File Writing Summary       |              Filename             |
+-----------------------------------------------------------------------+
|SU2 binary restart                 |restart_flow_databladeVALIDATION_Blade_12.dat|
|                                   |                     (5312.98 MB/s)|
|Paraview                           |volume_flow_databladeVALIDATION_Blade_12.vtu|
|                                   |                     (544.123 MB/s)|
|Paraview surface                   |surface_flowdatabladeVALIDATION_Blade_12.vtu|
|                                   |                     (53.7973 MB/s)|
|SU2 ASCII restart                  |restart_flow_databladeVALIDATION_Blade_12.csv|
|                                   |                     (14.5697 MB/s)|
|CSV file                           |surface_flowdatabladeVALIDATION_Blade_12.csv|
|                                   |                     (13.1736 MB/s)|
+-----------------------------------------------------------------------+
+--------------------------------------+
|  Inner_Iter|    Cur_Time|    rms[Rho]|
+--------------------------------------+
|        1610|  0.0000e+00|   -5.585121|
|        1620|  0.0000e+00|   -5.479448|
|        1630|  0.0000e+00|   -5.517277|
|        1640|  0.0000e+00|   -5.568809|
|        1650|  0.0000e+00|   -5.586050|
+-----------------------------------------------------------------------+
|        File Writing Summary       |              Filename             |
+-----------------------------------------------------------------------+
|SU2 binary restart                 |restart_flow_databladeVALIDATION_Blade_12.dat|
|                                   |                     (3289.37 MB/s)|
|Paraview                           |volume_flow_databladeVALIDATION_Blade_12.vtu|
|                                   |                       (440.3 MB/s)|
|Paraview surface                   |surface_flowdatabladeVALIDATION_Blade_12.vtu|
|                                   |                     (52.7452 MB/s)|
|SU2 ASCII restart                  |restart_flow_databladeVALIDATION_Blade_12.csv|
|                                   |                     (14.2524 MB/s)|
|CSV file                           |surface_flowdatabladeVALIDATION_Blade_12.csv|
|                                   |                     (8.70248 MB/s)|
+-----------------------------------------------------------------------+
+--------------------------------------+
|  Inner_Iter|    Cur_Time|    rms[Rho]|
+--------------------------------------+
|        1660|  0.0000e+00|   -5.660681|
|        1670|  0.0000e+00|   -5.592690|
|        1680|  0.0000e+00|   -5.653138|
|        1690|  0.0000e+00|   -5.662386|
|        1700|  0.0000e+00|   -5.642835|
+-----------------------------------------------------------------------+
|        File Writing Summary       |              Filename             |
+-----------------------------------------------------------------------+
|SU2 binary restart                 |restart_flow_databladeVALIDATION_Blade_12.dat|
|                                   |                     (5996.34 MB/s)|
|Paraview                           |volume_flow_databladeVALIDATION_Blade_12.vtu|
|                                   |                     (525.719 MB/s)|
|Paraview surface                   |surface_flowdatabladeVALIDATION_Blade_12.vtu|
|                                   |                     (44.4252 MB/s)|
|SU2 ASCII restart                  |restart_flow_databladeVALIDATION_Blade_12.csv|
|                                   |                     (13.4168 MB/s)|
|CSV file                           |surface_flowdatabladeVALIDATION_Blade_12.csv|
|                                   |                      (10.705 MB/s)|
+-----------------------------------------------------------------------+
+--------------------------------------+
|  Inner_Iter|    Cur_Time|    rms[Rho]|
+--------------------------------------+
|        1710|  0.0000e+00|   -5.655761|
|        1720|  0.0000e+00|   -5.683822|
|        1730|  0.0000e+00|   -5.749770|
|        1740|  0.0000e+00|   -5.728368|
|        1750|  0.0000e+00|   -5.781053|
+-----------------------------------------------------------------------+
|        File Writing Summary       |              Filename             |
+-----------------------------------------------------------------------+
|SU2 binary restart                 |restart_flow_databladeVALIDATION_Blade_12.dat|
|                                   |                     (4393.51 MB/s)|
|Paraview                           |volume_flow_databladeVALIDATION_Blade_12.vtu|
|                                   |                      (493.98 MB/s)|
|Paraview surface                   |surface_flowdatabladeVALIDATION_Blade_12.vtu|
|                                   |                     (61.7638 MB/s)|
|SU2 ASCII restart                  |restart_flow_databladeVALIDATION_Blade_12.csv|
|                                   |                      (13.552 MB/s)|
|CSV file                           |surface_flowdatabladeVALIDATION_Blade_12.csv|
|                                   |                     (11.3195 MB/s)|
+-----------------------------------------------------------------------+
+--------------------------------------+
|  Inner_Iter|    Cur_Time|    rms[Rho]|
+--------------------------------------+
|        1760|  0.0000e+00|   -5.862648|
|        1770|  0.0000e+00|   -5.864344|
|        1780|  0.0000e+00|   -5.809488|
|        1790|  0.0000e+00|   -5.828511|
|        1800|  0.0000e+00|   -5.834773|
+-----------------------------------------------------------------------+
|        File Writing Summary       |              Filename             |
+-----------------------------------------------------------------------+
|SU2 binary restart                 |restart_flow_databladeVALIDATION_Blade_12.dat|
|                                   |                     (5488.06 MB/s)|
|Paraview                           |volume_flow_databladeVALIDATION_Blade_12.vtu|
|                                   |                     (582.913 MB/s)|
|Paraview surface                   |surface_flowdatabladeVALIDATION_Blade_12.vtu|
|                                   |                       (40.52 MB/s)|
|SU2 ASCII restart                  |restart_flow_databladeVALIDATION_Blade_12.csv|
|                                   |                     (13.8156 MB/s)|
|CSV file                           |surface_flowdatabladeVALIDATION_Blade_12.csv|
|                                   |                     (11.2886 MB/s)|
+-----------------------------------------------------------------------+
+--------------------------------------+
|  Inner_Iter|    Cur_Time|    rms[Rho]|
+--------------------------------------+
|        1810|  0.0000e+00|   -5.793941|
|        1820|  0.0000e+00|   -5.905482|
|        1830|  0.0000e+00|   -5.913222|
|        1840|  0.0000e+00|   -5.903782|
|        1850|  0.0000e+00|   -5.922389|
+-----------------------------------------------------------------------+
|        File Writing Summary       |              Filename             |
+-----------------------------------------------------------------------+
|SU2 binary restart                 |restart_flow_databladeVALIDATION_Blade_12.dat|
|                                   |                     (7151.45 MB/s)|
|Paraview                           |volume_flow_databladeVALIDATION_Blade_12.vtu|
|                                   |                     (506.568 MB/s)|
|Paraview surface                   |surface_flowdatabladeVALIDATION_Blade_12.vtu|
|                                   |                     (45.7755 MB/s)|
|SU2 ASCII restart                  |restart_flow_databladeVALIDATION_Blade_12.csv|
|                                   |                     (13.3439 MB/s)|
|CSV file                           |surface_flowdatabladeVALIDATION_Blade_12.csv|
|                                   |                     (12.8718 MB/s)|
+-----------------------------------------------------------------------+
+--------------------------------------+
|  Inner_Iter|    Cur_Time|    rms[Rho]|
+--------------------------------------+
|        1860|  0.0000e+00|   -5.927222|
|        1870|  0.0000e+00|   -5.916702|
|        1880|  0.0000e+00|   -5.917324|
|        1890|  0.0000e+00|   -5.965645|
|        1900|  0.0000e+00|   -5.978189|
+-----------------------------------------------------------------------+
|        File Writing Summary       |              Filename             |
+-----------------------------------------------------------------------+
|SU2 binary restart                 |restart_flow_databladeVALIDATION_Blade_12.dat|
|                                   |                     (3969.96 MB/s)|
|Paraview                           |volume_flow_databladeVALIDATION_Blade_12.vtu|
|                                   |                     (519.451 MB/s)|
|Paraview surface                   |surface_flowdatabladeVALIDATION_Blade_12.vtu|
|                                   |                     (30.4498 MB/s)|
|SU2 ASCII restart                  |restart_flow_databladeVALIDATION_Blade_12.csv|
|                                   |                     (13.8036 MB/s)|
|CSV file                           |surface_flowdatabladeVALIDATION_Blade_12.csv|
|                                   |                     (10.2968 MB/s)|
+-----------------------------------------------------------------------+
+--------------------------------------+
|  Inner_Iter|    Cur_Time|    rms[Rho]|
+--------------------------------------+
|        1910|  0.0000e+00|   -5.970710|
|        1920|  0.0000e+00|   -5.964989|
|        1930|  0.0000e+00|   -5.996277|
|        1940|  0.0000e+00|   -5.997697|
|        1950|  0.0000e+00|   -5.971770|
+-----------------------------------------------------------------------+
|        File Writing Summary       |              Filename             |
+-----------------------------------------------------------------------+
|SU2 binary restart                 |restart_flow_databladeVALIDATION_Blade_12.dat|
|                                   |                     (3686.08 MB/s)|
|Paraview                           |volume_flow_databladeVALIDATION_Blade_12.vtu|
|                                   |                     (565.644 MB/s)|
|Paraview surface                   |surface_flowdatabladeVALIDATION_Blade_12.vtu|
|                                   |                     (45.0475 MB/s)|
|SU2 ASCII restart                  |restart_flow_databladeVALIDATION_Blade_12.csv|
|                                   |                      (13.847 MB/s)|
|CSV file                           |surface_flowdatabladeVALIDATION_Blade_12.csv|
|                                   |                     (13.5947 MB/s)|
+-----------------------------------------------------------------------+
+--------------------------------------+
|  Inner_Iter|    Cur_Time|    rms[Rho]|
+--------------------------------------+
|        1960|  0.0000e+00|   -6.020206|
|        1970|  0.0000e+00|   -5.996238|
|        1980|  0.0000e+00|   -6.039762|
|        1990|  0.0000e+00|   -6.050839|
|        2000|  0.0000e+00|   -6.046292|
+-----------------------------------------------------------------------+
|        File Writing Summary       |              Filename             |
+-----------------------------------------------------------------------+
|SU2 binary restart                 |restart_flow_databladeVALIDATION_Blade_12.dat|
|                                   |                     (5194.24 MB/s)|
|Paraview                           |volume_flow_databladeVALIDATION_Blade_12.vtu|
|                                   |                     (472.458 MB/s)|
|Paraview surface                   |surface_flowdatabladeVALIDATION_Blade_12.vtu|
|                                   |                     (46.7706 MB/s)|
|SU2 ASCII restart                  |restart_flow_databladeVALIDATION_Blade_12.csv|
|                                   |                     (15.0657 MB/s)|
|CSV file                           |surface_flowdatabladeVALIDATION_Blade_12.csv|
|                                   |                     (10.6489 MB/s)|
+-----------------------------------------------------------------------+
+--------------------------------------+
|  Inner_Iter|    Cur_Time|    rms[Rho]|
+--------------------------------------+
|        2010|  0.0000e+00|   -6.057540|
|        2020|  0.0000e+00|   -6.077684|
|        2030|  0.0000e+00|   -6.052001|
|        2040|  0.0000e+00|   -6.073287|
|        2050|  0.0000e+00|   -6.123583|
+-----------------------------------------------------------------------+
|        File Writing Summary       |              Filename             |
+-----------------------------------------------------------------------+
|SU2 binary restart                 |restart_flow_databladeVALIDATION_Blade_12.dat|
|                                   |                     (5570.15 MB/s)|
|Paraview                           |volume_flow_databladeVALIDATION_Blade_12.vtu|
|                                   |                     (413.182 MB/s)|
|Paraview surface                   |surface_flowdatabladeVALIDATION_Blade_12.vtu|
|                                   |                     (31.9818 MB/s)|
|SU2 ASCII restart                  |restart_flow_databladeVALIDATION_Blade_12.csv|
|                                   |                     (14.3971 MB/s)|
|CSV file                           |surface_flowdatabladeVALIDATION_Blade_12.csv|
|                                   |                     (10.2704 MB/s)|
+-----------------------------------------------------------------------+
+--------------------------------------+
|  Inner_Iter|    Cur_Time|    rms[Rho]|
+--------------------------------------+
|        2060|  0.0000e+00|   -6.132482|
|        2070|  0.0000e+00|   -6.123183|
|        2080|  0.0000e+00|   -6.146492|
|        2090|  0.0000e+00|   -6.161372|
|        2100|  0.0000e+00|   -6.156719|
+-----------------------------------------------------------------------+
|        File Writing Summary       |              Filename             |
+-----------------------------------------------------------------------+
|SU2 binary restart                 |restart_flow_databladeVALIDATION_Blade_12.dat|
|                                   |                     (5774.16 MB/s)|
|Paraview                           |volume_flow_databladeVALIDATION_Blade_12.vtu|
|                                   |                     (447.218 MB/s)|
|Paraview surface                   |surface_flowdatabladeVALIDATION_Blade_12.vtu|
|                                   |                     (31.8733 MB/s)|
|SU2 ASCII restart                  |restart_flow_databladeVALIDATION_Blade_12.csv|
|                                   |                     (12.4863 MB/s)|
|CSV file                           |surface_flowdatabladeVALIDATION_Blade_12.csv|
|                                   |                     (12.4336 MB/s)|
+-----------------------------------------------------------------------+
+--------------------------------------+
|  Inner_Iter|    Cur_Time|    rms[Rho]|
+--------------------------------------+
|        2110|  0.0000e+00|   -6.146689|
|        2120|  0.0000e+00|   -6.184031|
|        2130|  0.0000e+00|   -6.188895|
|        2140|  0.0000e+00|   -6.178846|
|        2150|  0.0000e+00|   -6.182456|
+-----------------------------------------------------------------------+
|        File Writing Summary       |              Filename             |
+-----------------------------------------------------------------------+
|SU2 binary restart                 |restart_flow_databladeVALIDATION_Blade_12.dat|
|                                   |                     (6344.64 MB/s)|
|Paraview                           |volume_flow_databladeVALIDATION_Blade_12.vtu|
|                                   |                     (442.828 MB/s)|
|Paraview surface                   |surface_flowdatabladeVALIDATION_Blade_12.vtu|
|                                   |                      (22.873 MB/s)|
|SU2 ASCII restart                  |restart_flow_databladeVALIDATION_Blade_12.csv|
|                                   |                     (13.4765 MB/s)|
|CSV file                           |surface_flowdatabladeVALIDATION_Blade_12.csv|
|                                   |                     (9.85803 MB/s)|
+-----------------------------------------------------------------------+
+--------------------------------------+
|  Inner_Iter|    Cur_Time|    rms[Rho]|
+--------------------------------------+
|        2160|  0.0000e+00|   -6.204835|
|        2170|  0.0000e+00|   -6.195727|
|        2180|  0.0000e+00|   -6.186879|
|        2190|  0.0000e+00|   -6.233425|
|        2200|  0.0000e+00|   -6.220925|
+-----------------------------------------------------------------------+
|        File Writing Summary       |              Filename             |
+-----------------------------------------------------------------------+
|SU2 binary restart                 |restart_flow_databladeVALIDATION_Blade_12.dat|
|                                   |                     (5208.83 MB/s)|
|Paraview                           |volume_flow_databladeVALIDATION_Blade_12.vtu|
|                                   |                     (426.152 MB/s)|
|Paraview surface                   |surface_flowdatabladeVALIDATION_Blade_12.vtu|
|                                   |                      (35.656 MB/s)|
|SU2 ASCII restart                  |restart_flow_databladeVALIDATION_Blade_12.csv|
|                                   |                       (12.79 MB/s)|
|CSV file                           |surface_flowdatabladeVALIDATION_Blade_12.csv|
|                                   |                     (12.3891 MB/s)|
+-----------------------------------------------------------------------+
+--------------------------------------+
|  Inner_Iter|    Cur_Time|    rms[Rho]|
+--------------------------------------+
|        2210|  0.0000e+00|   -6.271823|
|        2220|  0.0000e+00|   -6.253376|
|        2230|  0.0000e+00|   -6.254254|
|        2240|  0.0000e+00|   -6.287975|
|        2250|  0.0000e+00|   -6.257715|
+-----------------------------------------------------------------------+
|        File Writing Summary       |              Filename             |
+-----------------------------------------------------------------------+
|SU2 binary restart                 |restart_flow_databladeVALIDATION_Blade_12.dat|
|                                   |                     (3955.35 MB/s)|
|Paraview                           |volume_flow_databladeVALIDATION_Blade_12.vtu|
|                                   |                     (478.167 MB/s)|
|Paraview surface                   |surface_flowdatabladeVALIDATION_Blade_12.vtu|
|                                   |                     (54.2057 MB/s)|
|SU2 ASCII restart                  |restart_flow_databladeVALIDATION_Blade_12.csv|
|                                   |                     (14.5394 MB/s)|
|CSV file                           |surface_flowdatabladeVALIDATION_Blade_12.csv|
|                                   |                      (14.731 MB/s)|
+-----------------------------------------------------------------------+
+--------------------------------------+
|  Inner_Iter|    Cur_Time|    rms[Rho]|
+--------------------------------------+
|        2260|  0.0000e+00|   -6.299300|
|        2270|  0.0000e+00|   -6.303731|
|        2280|  0.0000e+00|   -6.330085|
|        2290|  0.0000e+00|   -6.388326|
|        2300|  0.0000e+00|   -6.389969|
+-----------------------------------------------------------------------+
|        File Writing Summary       |              Filename             |
+-----------------------------------------------------------------------+
|SU2 binary restart                 |restart_flow_databladeVALIDATION_Blade_12.dat|
|                                   |                     (3640.69 MB/s)|
|Paraview                           |volume_flow_databladeVALIDATION_Blade_12.vtu|
|                                   |                      (523.76 MB/s)|
|Paraview surface                   |surface_flowdatabladeVALIDATION_Blade_12.vtu|
|                                   |                     (50.5037 MB/s)|
|SU2 ASCII restart                  |restart_flow_databladeVALIDATION_Blade_12.csv|
|                                   |                     (14.6035 MB/s)|
|CSV file                           |surface_flowdatabladeVALIDATION_Blade_12.csv|
|                                   |                     (14.5475 MB/s)|
+-----------------------------------------------------------------------+
+--------------------------------------+
|  Inner_Iter|    Cur_Time|    rms[Rho]|
+--------------------------------------+
|        2310|  0.0000e+00|   -6.422962|
|        2320|  0.0000e+00|   -6.423251|
|        2330|  0.0000e+00|   -6.412623|
|        2340|  0.0000e+00|   -6.436716|
|        2350|  0.0000e+00|   -6.477166|
+-----------------------------------------------------------------------+
|        File Writing Summary       |              Filename             |
+-----------------------------------------------------------------------+
|SU2 binary restart                 |restart_flow_databladeVALIDATION_Blade_12.dat|
|                                   |                     (1194.08 MB/s)|
|Paraview                           |volume_flow_databladeVALIDATION_Blade_12.vtu|
|                                   |                      (186.17 MB/s)|
|Paraview surface                   |surface_flowdatabladeVALIDATION_Blade_12.vtu|
|                                   |                     (57.2732 MB/s)|
|SU2 ASCII restart                  |restart_flow_databladeVALIDATION_Blade_12.csv|
|                                   |                     (14.5656 MB/s)|
|CSV file                           |surface_flowdatabladeVALIDATION_Blade_12.csv|
|                                   |                     (14.4609 MB/s)|
+-----------------------------------------------------------------------+
+--------------------------------------+
|  Inner_Iter|    Cur_Time|    rms[Rho]|
+--------------------------------------+
|        2360|  0.0000e+00|   -6.451222|
|        2370|  0.0000e+00|   -6.488414|
|        2380|  0.0000e+00|   -6.479767|
|        2390|  0.0000e+00|   -6.447944|
|        2400|  0.0000e+00|   -6.501082|
+-----------------------------------------------------------------------+
|        File Writing Summary       |              Filename             |
+-----------------------------------------------------------------------+
|SU2 binary restart                 |restart_flow_databladeVALIDATION_Blade_12.dat|
|                                   |                     (3134.06 MB/s)|
|Paraview                           |volume_flow_databladeVALIDATION_Blade_12.vtu|
|                                   |                     (432.118 MB/s)|
|Paraview surface                   |surface_flowdatabladeVALIDATION_Blade_12.vtu|
|                                   |                      (44.033 MB/s)|
|SU2 ASCII restart                  |restart_flow_databladeVALIDATION_Blade_12.csv|
|                                   |                     (14.4182 MB/s)|
|CSV file                           |surface_flowdatabladeVALIDATION_Blade_12.csv|
|                                   |                     (10.5125 MB/s)|
+-----------------------------------------------------------------------+
+--------------------------------------+
|  Inner_Iter|    Cur_Time|    rms[Rho]|
+--------------------------------------+
|        2410|  0.0000e+00|   -6.497558|
|        2420|  0.0000e+00|   -6.521912|
|        2430|  0.0000e+00|   -6.539489|
|        2440|  0.0000e+00|   -6.567266|
|        2450|  0.0000e+00|   -6.587070|
+-----------------------------------------------------------------------+
|        File Writing Summary       |              Filename             |
+-----------------------------------------------------------------------+
|SU2 binary restart                 |restart_flow_databladeVALIDATION_Blade_12.dat|
|                                   |                     (4701.87 MB/s)|
|Paraview                           |volume_flow_databladeVALIDATION_Blade_12.vtu|
|                                   |                     (494.145 MB/s)|
|Paraview surface                   |surface_flowdatabladeVALIDATION_Blade_12.vtu|
|                                   |                     (36.4681 MB/s)|
|SU2 ASCII restart                  |restart_flow_databladeVALIDATION_Blade_12.csv|
|                                   |                     (14.2317 MB/s)|
|CSV file                           |surface_flowdatabladeVALIDATION_Blade_12.csv|
|                                   |                     (15.3394 MB/s)|
+-----------------------------------------------------------------------+
+--------------------------------------+
|  Inner_Iter|    Cur_Time|    rms[Rho]|
+--------------------------------------+
|        2460|  0.0000e+00|   -6.591993|
|        2470|  0.0000e+00|   -6.621754|
|        2480|  0.0000e+00|   -6.659296|
|        2490|  0.0000e+00|   -6.655407|
|        2500|  0.0000e+00|   -6.670685|
+-----------------------------------------------------------------------+
|        File Writing Summary       |              Filename             |
+-----------------------------------------------------------------------+
|SU2 binary restart                 |restart_flow_databladeVALIDATION_Blade_12.dat|
|                                   |                     (4016.66 MB/s)|
|Paraview                           |volume_flow_databladeVALIDATION_Blade_12.vtu|
|                                   |                     (536.135 MB/s)|
|Paraview surface                   |surface_flowdatabladeVALIDATION_Blade_12.vtu|
|                                   |                     (58.3991 MB/s)|
|SU2 ASCII restart                  |restart_flow_databladeVALIDATION_Blade_12.csv|
|                                   |                       (15.21 MB/s)|
|CSV file                           |surface_flowdatabladeVALIDATION_Blade_12.csv|
|                                   |                     (12.0654 MB/s)|
+-----------------------------------------------------------------------+
+--------------------------------------+
|  Inner_Iter|    Cur_Time|    rms[Rho]|
+--------------------------------------+
|        2510|  0.0000e+00|   -6.715332|
|        2520|  0.0000e+00|   -6.712847|
|        2530|  0.0000e+00|   -6.714289|
|        2540|  0.0000e+00|   -6.763045|
|        2550|  0.0000e+00|   -6.778900|
+-----------------------------------------------------------------------+
|        File Writing Summary       |              Filename             |
+-----------------------------------------------------------------------+
|SU2 binary restart                 |restart_flow_databladeVALIDATION_Blade_12.dat|
|                                   |                     (5369.38 MB/s)|
|Paraview                           |volume_flow_databladeVALIDATION_Blade_12.vtu|
|                                   |                     (520.102 MB/s)|
|Paraview surface                   |surface_flowdatabladeVALIDATION_Blade_12.vtu|
|                                   |                     (42.8762 MB/s)|
|SU2 ASCII restart                  |restart_flow_databladeVALIDATION_Blade_12.csv|
|                                   |                     (14.6909 MB/s)|
|CSV file                           |surface_flowdatabladeVALIDATION_Blade_12.csv|
|                                   |                     (10.6181 MB/s)|
+-----------------------------------------------------------------------+
+--------------------------------------+
|  Inner_Iter|    Cur_Time|    rms[Rho]|
+--------------------------------------+
|        2560|  0.0000e+00|   -6.777226|
|        2570|  0.0000e+00|   -6.819208|
|        2580|  0.0000e+00|   -6.878534|
|        2590|  0.0000e+00|   -6.862306|
|        2600|  0.0000e+00|   -6.810468|
+-----------------------------------------------------------------------+
|        File Writing Summary       |              Filename             |
+-----------------------------------------------------------------------+
|SU2 binary restart                 |restart_flow_databladeVALIDATION_Blade_12.dat|
|                                   |                     (3036.67 MB/s)|
|Paraview                           |volume_flow_databladeVALIDATION_Blade_12.vtu|
|                                   |                     (609.586 MB/s)|
|Paraview surface                   |surface_flowdatabladeVALIDATION_Blade_12.vtu|
|                                   |                     (53.1674 MB/s)|
|SU2 ASCII restart                  |restart_flow_databladeVALIDATION_Blade_12.csv|
|                                   |                     (13.9452 MB/s)|
|CSV file                           |surface_flowdatabladeVALIDATION_Blade_12.csv|
|                                   |                     (11.1248 MB/s)|
+-----------------------------------------------------------------------+
+--------------------------------------+
|  Inner_Iter|    Cur_Time|    rms[Rho]|
+--------------------------------------+
|        2610|  0.0000e+00|   -6.846689|
|        2620|  0.0000e+00|   -6.857751|
|        2630|  0.0000e+00|   -6.851543|
|        2640|  0.0000e+00|   -6.862139|
|        2650|  0.0000e+00|   -6.911756|
+-----------------------------------------------------------------------+
|        File Writing Summary       |              Filename             |
+-----------------------------------------------------------------------+
|SU2 binary restart                 |restart_flow_databladeVALIDATION_Blade_12.dat|
|                                   |                     (3091.96 MB/s)|
|Paraview                           |volume_flow_databladeVALIDATION_Blade_12.vtu|
|                                   |                     (530.224 MB/s)|
|Paraview surface                   |surface_flowdatabladeVALIDATION_Blade_12.vtu|
|                                   |                     (37.9976 MB/s)|
|SU2 ASCII restart                  |restart_flow_databladeVALIDATION_Blade_12.csv|
|                                   |                       (14.67 MB/s)|
|CSV file                           |surface_flowdatabladeVALIDATION_Blade_12.csv|
|                                   |                     (14.1463 MB/s)|
+-----------------------------------------------------------------------+
+--------------------------------------+
|  Inner_Iter|    Cur_Time|    rms[Rho]|
+--------------------------------------+
|        2660|  0.0000e+00|   -6.909796|
|        2670|  0.0000e+00|   -6.876557|
|        2680|  0.0000e+00|   -6.914422|
|        2690|  0.0000e+00|   -6.901804|
|        2700|  0.0000e+00|   -6.916146|
+-----------------------------------------------------------------------+
|        File Writing Summary       |              Filename             |
+-----------------------------------------------------------------------+
|SU2 binary restart                 |restart_flow_databladeVALIDATION_Blade_12.dat|
|                                   |                     (6421.74 MB/s)|
|Paraview                           |volume_flow_databladeVALIDATION_Blade_12.vtu|
|                                   |                     (485.615 MB/s)|
|Paraview surface                   |surface_flowdatabladeVALIDATION_Blade_12.vtu|
|                                   |                     (56.2108 MB/s)|
|SU2 ASCII restart                  |restart_flow_databladeVALIDATION_Blade_12.csv|
|                                   |                       (14.02 MB/s)|
|CSV file                           |surface_flowdatabladeVALIDATION_Blade_12.csv|
|                                   |                     (8.41131 MB/s)|
+-----------------------------------------------------------------------+
+--------------------------------------+
|  Inner_Iter|    Cur_Time|    rms[Rho]|
+--------------------------------------+
|        2710|  0.0000e+00|   -6.903041|
|        2720|  0.0000e+00|   -6.911174|
|        2730|  0.0000e+00|   -6.949263|
|        2740|  0.0000e+00|   -6.956903|
|        2750|  0.0000e+00|   -6.947983|
+-----------------------------------------------------------------------+
|        File Writing Summary       |              Filename             |
+-----------------------------------------------------------------------+
|SU2 binary restart                 |restart_flow_databladeVALIDATION_Blade_12.dat|
|                                   |                     (5471.87 MB/s)|
|Paraview                           |volume_flow_databladeVALIDATION_Blade_12.vtu|
|                                   |                     (579.565 MB/s)|
|Paraview surface                   |surface_flowdatabladeVALIDATION_Blade_12.vtu|
|                                   |                     (54.2579 MB/s)|
|SU2 ASCII restart                  |restart_flow_databladeVALIDATION_Blade_12.csv|
|                                   |                     (12.6808 MB/s)|
|CSV file                           |surface_flowdatabladeVALIDATION_Blade_12.csv|
|                                   |                     (11.1436 MB/s)|
+-----------------------------------------------------------------------+
+--------------------------------------+
|  Inner_Iter|    Cur_Time|    rms[Rho]|
+--------------------------------------+
|        2760|  0.0000e+00|   -6.971322|
|        2770|  0.0000e+00|   -6.970254|
|        2780|  0.0000e+00|   -6.962142|
|        2790|  0.0000e+00|   -6.980703|
|        2800|  0.0000e+00|   -6.990937|
+-----------------------------------------------------------------------+
|        File Writing Summary       |              Filename             |
+-----------------------------------------------------------------------+
|SU2 binary restart                 |restart_flow_databladeVALIDATION_Blade_12.dat|
|                                   |                     (4234.02 MB/s)|
|Paraview                           |volume_flow_databladeVALIDATION_Blade_12.vtu|
|                                   |                     (446.756 MB/s)|
|Paraview surface                   |surface_flowdatabladeVALIDATION_Blade_12.vtu|
|                                   |                     (40.5632 MB/s)|
|SU2 ASCII restart                  |restart_flow_databladeVALIDATION_Blade_12.csv|
|                                   |                     (14.6463 MB/s)|
|CSV file                           |surface_flowdatabladeVALIDATION_Blade_12.csv|
|                                   |                     (13.7174 MB/s)|
+-----------------------------------------------------------------------+
+--------------------------------------+
|  Inner_Iter|    Cur_Time|    rms[Rho]|
+--------------------------------------+
|        2810|  0.0000e+00|   -6.991153|
|        2820|  0.0000e+00|   -6.983301|
|        2830|  0.0000e+00|   -6.986064|
|        2840|  0.0000e+00|   -6.979515|
|        2850|  0.0000e+00|   -6.982260|
+-----------------------------------------------------------------------+
|        File Writing Summary       |              Filename             |
+-----------------------------------------------------------------------+
|SU2 binary restart                 |restart_flow_databladeVALIDATION_Blade_12.dat|
|                                   |                     (3186.86 MB/s)|
|Paraview                           |volume_flow_databladeVALIDATION_Blade_12.vtu|
|                                   |                     (582.965 MB/s)|
|Paraview surface                   |surface_flowdatabladeVALIDATION_Blade_12.vtu|
|                                   |                     (44.3773 MB/s)|
|SU2 ASCII restart                  |restart_flow_databladeVALIDATION_Blade_12.csv|
|                                   |                     (14.6564 MB/s)|
|CSV file                           |surface_flowdatabladeVALIDATION_Blade_12.csv|
|                                   |                     (14.3655 MB/s)|
+-----------------------------------------------------------------------+
+--------------------------------------+
|  Inner_Iter|    Cur_Time|    rms[Rho]|
+--------------------------------------+
|        2860|  0.0000e+00|   -6.990437|
|        2870|  0.0000e+00|   -6.992340|
|        2880|  0.0000e+00|   -6.989618|
|        2890|  0.0000e+00|   -6.996881|
|        2900|  0.0000e+00|   -6.996903|
+-----------------------------------------------------------------------+
|        File Writing Summary       |              Filename             |
+-----------------------------------------------------------------------+
|SU2 binary restart                 |restart_flow_databladeVALIDATION_Blade_12.dat|
|                                   |                     (4104.68 MB/s)|
|Paraview                           |volume_flow_databladeVALIDATION_Blade_12.vtu|
|                                   |                     (524.099 MB/s)|
|Paraview surface                   |surface_flowdatabladeVALIDATION_Blade_12.vtu|
|                                   |                      (42.305 MB/s)|
|SU2 ASCII restart                  |restart_flow_databladeVALIDATION_Blade_12.csv|
|                                   |                     (14.2892 MB/s)|
|CSV file                           |surface_flowdatabladeVALIDATION_Blade_12.csv|
|                                   |                      (9.0788 MB/s)|
+-----------------------------------------------------------------------+
+--------------------------------------+
|  Inner_Iter|    Cur_Time|    rms[Rho]|
+--------------------------------------+
|        2902|  0.0000e+00|   -7.000637|

----------------------------- Solver Exit -------------------------------
All convergence criteria satisfied.
+-----------------------------------------------------------------------+
|      Convergence Field     |     Value    |   Criterion  |  Converged |
+-----------------------------------------------------------------------+
|                    rms[Rho]|      -7.00064|          < -7|         Yes|
+-----------------------------------------------------------------------+
-------------------------------------------------------------------------
+-----------------------------------------------------------------------+
|        File Writing Summary       |              Filename             |
+-----------------------------------------------------------------------+
|SU2 binary restart                 |restart_flow_databladeVALIDATION_Blade_12.dat|
|                                   |                     (3810.98 MB/s)|
|Paraview                           |volume_flow_databladeVALIDATION_Blade_12.vtu|
|                                   |                     (580.219 MB/s)|
|Paraview surface                   |surface_flowdatabladeVALIDATION_Blade_12.vtu|
|                                   |                      (38.152 MB/s)|
|SU2 ASCII restart                  |restart_flow_databladeVALIDATION_Blade_12.csv|
|                                   |                     (15.6083 MB/s)|
|CSV file                           |surface_flowdatabladeVALIDATION_Blade_12.csv|
|                                   |                       (14.57 MB/s)|
+-----------------------------------------------------------------------+

--------------------------- Finalizing Solver ---------------------------
Deleted CNumerics container.
Deleted CIntegration container.
Deleted CSolver container.
Deleted CIteration container.
Deleted CInterface container.
Deleted CGeometry container.
Deleted CFreeFormDefBox class.
Deleted CSurfaceMovement class.
Deleted CVolumetricMovement class.
Deleted CConfig container.
Deleted nInst container.
Deleted COutput class.
-------------------------------------------------------------------------


-------------------------- Performance Summary --------------------------
Simulation totals:
   Wall-clock time (hrs):   0.0726323 |            Core-hrs:    0.871588
                   Cores:          12 |          DOFs/point:           5
             Points/core:     2981.67 |   Ghost points/core:     143.083
 Ghost/Owned Point Ratio:   0.0479877 | 

Preprocessing phase:
       Preproc. Time (s):    0.320646 |   Preproc. Time (%):    0.122629

Compute phase:
        Compute Time (s):     259.301 |    Compute Time (%):     99.1681
         Iteration count:        2903 |         Avg. s/iter:   0.0893218
     Core-s/iter/Mpoints:     28.5853 |           Mpoints/s:    0.419797

Output phase:
         Output Time (s):     1.85458 |     Output Time (%):    0.709271
            Output count:           1 |       Avg. s/output:     1.85458
 Restart Aggr. BW (MB/s):      265892 |           MB/s/core:     22157.6
-------------------------------------------------------------------------


------------------------- Exit Success (SU2_CFD) ------------------------

